// Jest Snapshot v1, https://goo.gl/fbAQLP

exports[`renders correctly 1`] = `
<View
  accessible={true}
  collapsable={false}
  focusable={false}
  onClick={[Function]}
  onResponderGrant={[Function]}
  onResponderMove={[Function]}
  onResponderRelease={[Function]}
  onResponderTerminate={[Function]}
  onResponderTerminationRequest={[Function]}
  onStartShouldSetResponder={[Function]}
  style={
    {
      "borderColor": "red",
      "borderRadius": 5,
      "borderWidth": 1,
      "marginHorizontal": 10,
      "marginVertical": 10,
      "opacity": 1,
      "paddingHorizontal": 5,
      "paddingVertical": 3,
    }
  }
  testID="categori-card-press"
>
  <Text
    style={
      [
        {
          "color": "#000",
          "fontFamily": "CourierPrime-Bold",
          "fontSize": 15,
        },
        {
          "color": "red",
          "fontFamily": "CourierPrime-Bold",
          "fontSize": 15,
        },
      ]
    }
    testID="categori-card-label"
  />
</View>
`;
